  Determining projects to restore...
C:\Users\Test\Documents\H.O.P.E\src\desktop\HOPE.Desktop\HOPE.Desktop.csproj : warning NU1603: HOPE.Desktop depends on QuestPDF (>= 2024.1.3) but QuestPDF 2024.1.3 was not found. QuestPDF 2024.3.0 was resolved instead. [C:\Users\Test\Documents\H.O.P.E\src\desktop\HOPE.Desktop.sln]
  All projects are up-to-date for restore.
C:\Users\Test\Documents\H.O.P.E\src\desktop\HOPE.Desktop\HOPE.Desktop.csproj : warning NU1603: HOPE.Desktop depends on QuestPDF (>= 2024.1.3) but QuestPDF 2024.1.3 was not found. QuestPDF 2024.3.0 was resolved instead.
C:\Users\Test\Documents\H.O.P.E\src\desktop\HOPE.Core\Services\OBD\OBD2Service.cs(9,13): error CS1069: The type name 'SerialPort' could not be found in the namespace 'System.IO.Ports'. This type has been forwarded to assembly 'System.IO.Ports, Version=0.0.0.0, Culture=neutral, PublicKeyToken=cc7b13ffcd2ddd51' Consider adding a reference to that assembly. [C:\Users\Test\Documents\H.O.P.E\src\desktop\HOPE.Core\HOPE.Core.csproj]

Build FAILED.

C:\Users\Test\Documents\H.O.P.E\src\desktop\HOPE.Desktop\HOPE.Desktop.csproj : warning NU1603: HOPE.Desktop depends on QuestPDF (>= 2024.1.3) but QuestPDF 2024.1.3 was not found. QuestPDF 2024.3.0 was resolved instead. [C:\Users\Test\Documents\H.O.P.E\src\desktop\HOPE.Desktop.sln]
C:\Users\Test\Documents\H.O.P.E\src\desktop\HOPE.Desktop\HOPE.Desktop.csproj : warning NU1603: HOPE.Desktop depends on QuestPDF (>= 2024.1.3) but QuestPDF 2024.1.3 was not found. QuestPDF 2024.3.0 was resolved instead.
C:\Users\Test\Documents\H.O.P.E\src\desktop\HOPE.Core\Services\OBD\OBD2Service.cs(9,13): error CS1069: The type name 'SerialPort' could not be found in the namespace 'System.IO.Ports'. This type has been forwarded to assembly 'System.IO.Ports, Version=0.0.0.0, Culture=neutral, PublicKeyToken=cc7b13ffcd2ddd51' Consider adding a reference to that assembly. [C:\Users\Test\Documents\H.O.P.E\src\desktop\HOPE.Core\HOPE.Core.csproj]
    2 Warning(s)
    1 Error(s)

Time Elapsed 00:00:01.89
