  Determining projects to restore...
C:\Users\Test\Documents\H.O.P.E\src\desktop\HOPE.Desktop\HOPE.Desktop.csproj : warning NU1603: HOPE.Desktop depends on QuestPDF (>= 2024.1.3) but QuestPDF 2024.1.3 was not found. QuestPDF 2024.3.0 was resolved instead. [C:\Users\Test\Documents\H.O.P.E\src\desktop\HOPE.Desktop.sln]
  All projects are up-to-date for restore.
C:\Users\Test\Documents\H.O.P.E\src\desktop\HOPE.Desktop\HOPE.Desktop.csproj : warning NU1603: HOPE.Desktop depends on QuestPDF (>= 2024.1.3) but QuestPDF 2024.1.3 was not found. QuestPDF 2024.3.0 was resolved instead.
C:\Users\Test\Documents\H.O.P.E\src\desktop\HOPE.Core\Services\OBD\MockOBD2Service.cs(134,13): error CS0117: 'OBD2Reading' does not contain a definition for 'RawValue' [C:\Users\Test\Documents\H.O.P.E\src\desktop\HOPE.Core\HOPE.Core.csproj]
C:\Users\Test\Documents\H.O.P.E\src\desktop\HOPE.Core\Services\Database\SqliteDatabaseService.cs(156,17): error CS0117: 'DiagnosticSession' does not contain a definition for 'Id' [C:\Users\Test\Documents\H.O.P.E\src\desktop\HOPE.Core\HOPE.Core.csproj]
C:\Users\Test\Documents\H.O.P.E\src\desktop\HOPE.Core\Services\Database\SqliteDatabaseService.cs(158,17): error CS0117: 'DiagnosticSession' does not contain a definition for 'StartTime' [C:\Users\Test\Documents\H.O.P.E\src\desktop\HOPE.Core\HOPE.Core.csproj]
C:\Users\Test\Documents\H.O.P.E\src\desktop\HOPE.Core\Services\Database\SqliteDatabaseService.cs(159,17): error CS0117: 'DiagnosticSession' does not contain a definition for 'EndTime' [C:\Users\Test\Documents\H.O.P.E\src\desktop\HOPE.Core\HOPE.Core.csproj]
C:\Users\Test\Documents\H.O.P.E\src\desktop\HOPE.Core\Services\OBD\MockOBD2Service.cs(10,26): warning CS0649: Field 'MockOBD2Service._simulationTimer' is never assigned to, and will always have its default value null [C:\Users\Test\Documents\H.O.P.E\src\desktop\HOPE.Core\HOPE.Core.csproj]
C:\Users\Test\Documents\H.O.P.E\src\desktop\HOPE.Core\Services\OBD\MockOBD2Service.cs(20,52): warning CS0067: The event 'MockOBD2Service.ErrorOccurred' is never used [C:\Users\Test\Documents\H.O.P.E\src\desktop\HOPE.Core\HOPE.Core.csproj]

Build FAILED.

C:\Users\Test\Documents\H.O.P.E\src\desktop\HOPE.Desktop\HOPE.Desktop.csproj : warning NU1603: HOPE.Desktop depends on QuestPDF (>= 2024.1.3) but QuestPDF 2024.1.3 was not found. QuestPDF 2024.3.0 was resolved instead. [C:\Users\Test\Documents\H.O.P.E\src\desktop\HOPE.Desktop.sln]
C:\Users\Test\Documents\H.O.P.E\src\desktop\HOPE.Desktop\HOPE.Desktop.csproj : warning NU1603: HOPE.Desktop depends on QuestPDF (>= 2024.1.3) but QuestPDF 2024.1.3 was not found. QuestPDF 2024.3.0 was resolved instead.
C:\Users\Test\Documents\H.O.P.E\src\desktop\HOPE.Core\Services\OBD\MockOBD2Service.cs(10,26): warning CS0649: Field 'MockOBD2Service._simulationTimer' is never assigned to, and will always have its default value null [C:\Users\Test\Documents\H.O.P.E\src\desktop\HOPE.Core\HOPE.Core.csproj]
C:\Users\Test\Documents\H.O.P.E\src\desktop\HOPE.Core\Services\OBD\MockOBD2Service.cs(20,52): warning CS0067: The event 'MockOBD2Service.ErrorOccurred' is never used [C:\Users\Test\Documents\H.O.P.E\src\desktop\HOPE.Core\HOPE.Core.csproj]
C:\Users\Test\Documents\H.O.P.E\src\desktop\HOPE.Core\Services\OBD\MockOBD2Service.cs(134,13): error CS0117: 'OBD2Reading' does not contain a definition for 'RawValue' [C:\Users\Test\Documents\H.O.P.E\src\desktop\HOPE.Core\HOPE.Core.csproj]
C:\Users\Test\Documents\H.O.P.E\src\desktop\HOPE.Core\Services\Database\SqliteDatabaseService.cs(156,17): error CS0117: 'DiagnosticSession' does not contain a definition for 'Id' [C:\Users\Test\Documents\H.O.P.E\src\desktop\HOPE.Core\HOPE.Core.csproj]
C:\Users\Test\Documents\H.O.P.E\src\desktop\HOPE.Core\Services\Database\SqliteDatabaseService.cs(158,17): error CS0117: 'DiagnosticSession' does not contain a definition for 'StartTime' [C:\Users\Test\Documents\H.O.P.E\src\desktop\HOPE.Core\HOPE.Core.csproj]
C:\Users\Test\Documents\H.O.P.E\src\desktop\HOPE.Core\Services\Database\SqliteDatabaseService.cs(159,17): error CS0117: 'DiagnosticSession' does not contain a definition for 'EndTime' [C:\Users\Test\Documents\H.O.P.E\src\desktop\HOPE.Core\HOPE.Core.csproj]
    4 Warning(s)
    4 Error(s)

Time Elapsed 00:00:02.24
